// Jest Snapshot v1, https://goo.gl/fbAQLP

exports[`UserAccountDisplay tests renders the UserAccountDisplay with the correct props 1`] = `
ShallowWrapper {
  Symbol(enzyme.__root__): [Circular],
  Symbol(enzyme.__unrendered__): <UserAccountDisplay
    activeUser={
        Object {
            "email": "THanks@hanks.com",
            "location": "20 McAllister St, San Francisco, CA",
            "password": "password",
            "userName": "Tom Hanks",
          }
    }
    completedOrders={
        Array [
            Object {
              "complete": false,
              "courier": null,
              "courier_imminent": false,
              "created": "2018-09-17T22:20:07Z",
              "currency": "usd",
              "dropoff": Object {
                "name": "Allen",
                "notes": "Tim@timmmy.com",
                "phone_number": 3033334444,
              },
              "dropoff_deadline": "2018-09-17T22:50:07Z",
              "dropoff_eta": null,
              "dropoff_identifier": "",
              "dropoff_ready": "2018-09-17T22:30:07Z",
              "fee": 571,
              "id": "del_Lu-c_oyiH69mDF",
              "kind": "delivery",
              "live_mode": false,
              "manifest": Object {
                "description": "a box of shoes",
              },
              "pickup": Object {
                "name": "Tim",
                "notes": "",
                "phone_number": 2223334444,
              },
              "pickup_deadline": "2018-09-17T22:40:07Z",
              "pickup_eta": null,
              "pickup_ready": "2018-09-17T22:30:07Z",
              "quote_id": "dqt_Lu-c_vlL5PdvEF",
              "related_deliveries": Array [],
              "status": "pending",
              "tip": null,
              "tracking_url": "https://postmates.com/track/del_Lu-c_oyiH69mDF",
              "undeliverable_action": null,
              "undeliverable_reason": null,
              "updated": "2018-09-17T22:20:07Z",
            },
          ]
    }
/>,
  Symbol(enzyme.__renderer__): Object {
    "batchedUpdates": [Function],
    "getNode": [Function],
    "render": [Function],
    "simulateError": [Function],
    "simulateEvent": [Function],
    "unmount": [Function],
  },
  Symbol(enzyme.__node__): Object {
    "instance": null,
    "key": undefined,
    "nodeType": "host",
    "props": Object {
      "children": Array [
        "User Orders",
        Array [],
      ],
    },
    "ref": null,
    "rendered": Array [
      "User Orders",
    ],
    "type": "div",
  },
  Symbol(enzyme.__nodes__): Array [
    Object {
      "instance": null,
      "key": undefined,
      "nodeType": "host",
      "props": Object {
        "children": Array [
          "User Orders",
          Array [],
        ],
      },
      "ref": null,
      "rendered": Array [
        "User Orders",
      ],
      "type": "div",
    },
  ],
  Symbol(enzyme.__options__): Object {
    "adapter": ReactSixteenAdapter {
      "options": Object {
        "enableComponentDidUpdateOnSetState": true,
        "lifecycles": Object {
          "componentDidUpdate": Object {
            "onSetState": true,
          },
          "getDerivedStateFromProps": true,
          "getSnapshotBeforeUpdate": true,
          "setState": Object {
            "skipsComponentDidUpdateOnNullish": true,
          },
        },
      },
    },
    "attachTo": undefined,
    "disableLifecycleMethods": true,
    "hydrateIn": undefined,
  },
}
`;
